!	.
?	.
.	.
,	.
-	.
–	.
:	.
;	.
.-TTT	.
ADJ	ADJ
ADJ21	ADJ
ADJ21-N	ADJ
ADJ21-A	ADJ
ADJ21-D	ADJ
ADJ21-G	ADJ
ADJ22	ADJ
ADJ22-N	ADJ
ADJ22-A	ADJ
ADJ22-D	ADJ
ADJ22-G	ADJ
ADJ-N	ADJ
ADJ-A	ADJ
ADJ-D	ADJ
ADJ-G	ADJ
ADJ-G-TTT	ADJ
ADJA-N	ADJ
ADJ+Q-N	ADJ
ADJ+Q-A	ADJ
ADJ+Q-D	ADJ
ADJ+Q-G	ADJ
ADJR-N	ADJ
ADJR-A	ADJ
ADJR-D	ADJ
ADJR-G	ADJ
ADJR22-A	ADJ
ADJP-N	ADJ
ADJS-N	ADJ
ADJS-A	ADJ
ADJS-D	ADJ
ADJS-G	ADJ
ADV	ADV
ADVR	ADV
ADVS	ADV
ADVS-N	ADV
ADV21	ADV
ADV22	ADV
ADV+ADJ	ADJ
ADV+ADJ-N	ADJ
ADV+ADJ-A	ADJ
ADV+ADJ-D	ADJ
ADV+ADJ-G	ADJ
ADVR+ADJ	ADJ
ADVR+ADJ-N	ADJ
ADVR+ADJ-A	ADJ
ADVR+ADJ-D	ADJ
ADVR+ADJ-G	ADJ
ADVR+ADJR-N	ADJ
ADVR-N	ADV
ADVR-A	ADV
ADV+ADVR	ADV
ADVR+ADV	ADV
ADV+Q	DET
ADV+Q-N	DET
ADV+Q-A	DET
ADV+Q-D	DET
ADV+Q-G	DET
ADVR+Q	DET
ADVR+Q-N	DET
ADVR+Q-A	DET
ADVR+Q-D	DET
ADVR+Q-G	DET
ADVR+VAN	VERB
ADV+QS	DET
ADV+QS-N	DET
ADV+QS-A	DET
ADV+QS-D	DET
ADV+QS-G	DET
ADV+P	ADP
ADVR+P	ADP
ALDJ-N	ADJ
AN	VERB
BAG	VERB
BE	VERB
BEBI	VERB
BEDI	VERB
BEDS	VERB
BEI	VERB
BEN	VERB
BEP	VERB
BEPI	VERB
BEPI-TTT	VERB
BEPS	VERB
BEPS-TTT	VERB
CONJ	CONJ
CONJ-TTT	CONJ
D	DET
D-N	DET
D-N-TTT	DET
D-A	DET
D-A-TTT
D-D	DET
D-G	DET
D-MSA	DET
D-MSN	DET
D+N-D	DET
D+N-G	DET
DAG	VERB
DAN	VERB
DAN-A	VERB
DAN-D	VERB
DAN-TTT	VERB
DO	VERB
DODI	VERB
DODS	VERB
DOG	VERB
DOI	VERB
DON	VERB
DOPI	VERB
DOPS	VERB
DV	ADV
DVBN	VERB
DW	X
FÐ	PRT
FP	PRT
FP*A	PRT
FP*D	PRT
FP*G	PRT
FP*N	PRT
FP21	PRT
FP22	PRT
FW	X
FW-D	X
HAG	VERB
HAN	VERB
HAN*TTT	VERB
HDDI	VERB
HV	VERB
HVDI	VERB
HVDI*TTT	VERB
HVDS	VERB
HVDS*TTT	VERB
HVI	VERB
HVN	VERB
HVPI	VERB
HVPS	VERB
INTJ	X
ITEM	X
LB	X
LS	X
M*D	NOUN
MAG	VERB
MAG*A	VERB
MAN*N	PRON
MD	VERB
MDDI	VERB
MDDS	VERB
MDDS*TTT	VERB
MDI	VERB
MDN	VERB
MDPI	VERB
MDPS	VERB
MDPS*TTT	VERB
MS*N	DET
N-N	NOUN
N-A	NOUN
N*A-TTT	NOUN
N-D	NOUN
N-G	NOUN
N+Q-N	ADJ
N21	NOUN
N21-A	NOUN
N21-D	NOUN
N21-G	NOUN
N21-N	NOUN
N22	NOUN
N22-A	NOUN
N22-D	NOUN
N22-G	NOUN
N22-N	NOUN
N31-D	NOUN
N32-D	NOUN
N33-D	NOUN
NA	NOUN
NP-A	NOUN
NPR
NPR-N	NOUN
NPR-A	NOUN
NPR-D	NOUN
NPR-G	NOUN
NPR-S	NOUN
NPR-V	NOUN
NPR+NS-N	NOUN
NPR21	NOUN
NPR21-N	NOUN
NPR21-A	NOUN
NPR21-D	NOUN
NPR21-G	NOUN
NPR22	NOUN
NPR22-N	NOUN
NPR22-A	NOUN
NPR22-D	NOUN
NPR22-G	NOUN
NPRO-A	NOUN
NPRS-N	NOUN
NPRS-A	NOUN
NPRS-D	NOUN
NPRS-G	NOUN
NRP-N	NOUN
NS-N	NOUN
NS-A	NOUN
NS-A-TTT	NOUN
NS-D	NOUN
NS-G	NOUN
NS21	NOUN
NS21-N	NOUN
NS21-A	NOUN
NS21-D	NOUN
NS21-G	NOUN
NS22
NS22-N	NOUN
NS22-A	NOUN
NS22-D	NOUN
NUM	NUM
NUM-N	NUM
NUM-A	NUM
NUM-D	NUM
NUM-G	NUM
NUM+N-D	NOUN
NUM+NUM-N	NUM
NUM21	NUM
NUM22	NUM
NÐR-G	NOUN
P	ADP
P-TTT	ADP
POR-A	PRON
POR-D	PRON
POS-D	PRON
PRO-C	PRON
PRO	PRON
PRO-N	PRON
PRO-N-YYY	PRON
PRO-A	PRON
PRO-TTT-A	PRON
PRO-D	PRON
PRO-D-TTT	PRON
PRO-G	PRON
PRO+Q*N	DET
PRON	PRON
Q	DET
Q-N	DET
Q-A	DET
Q-D	DET
Q-G	DET
Q-ADV	ADV
Q+ADV	ADV
Q+ADVR	ADV
Q-NSNSP	DET
Q+ADJ-N	ADJ
Q+ADJ-A	ADJ
Q+N-A	NOUN
Q+N-D	NOUN
Q+N-G	NOUN
Q+NS-G	NOUN
Q+Q-A	DET
Q+QS-D	DET
Q+Q-G	DET
Q+WADV	ADV
Q+WPRO*N	PRON
Q21	DET
Q22	DET
QADV	ADV
QDJ-A	ADJ
QR	DET
QR-N	DET
QR-A	DET
QR-D	DET
QR-G	DET
QR+ADJ-N	DET
QR+ADJ-A	DET
QS	DET
QS-N	DET
QS-A	DET
QS-D	DET
QS-G	DET
RAG	VERB
RAN	VERB
RBN	VERB
RD	VERB
RDDI	VERB
RDDS	VERB
RDI	VERB
RDN	VERB
RDPI	VERB
RDPS	VERB
REP	X
RP	PRT
RP-TTT	PRT
RPO-D	PRON
WPRO-N	PRON
WPRO-A	PRON
WPRO-D	PRON
WPRO-G	PRON
