!	.
?	.
.	.
,	.
-	.
–	.
:	.
;	.
.-TTT	.
ADJ	ADJ
ADJ21	ADJ
ADJ21-N	ADJ
ADJ21-A	ADJ
ADJ21-D	ADJ
ADJ21-G	ADJ
ADJ22	ADJ
ADJ22-N	ADJ
ADJ22-A	ADJ
ADJ22-D	ADJ
ADJ22-G	ADJ
ADJ-N	ADJ
ADJ-A	ADJ
ADJ-D	ADJ
ADJ-G	ADJ
ADJ-G-TTT	ADJ
ADJA-N	ADJ
ADJ+Q-N	ADJ
ADJ+Q-A	ADJ
ADJ+Q-D	ADJ
ADJ+Q-G	ADJ
ADJR-N	ADJ
ADJR-A	ADJ
ADJR-D	ADJ
ADJR-G	ADJ
ADJR22-A	ADJ
ADJP-N	ADJ
ADJS-N	ADJ
ADJS-A	ADJ
ADJS-D	ADJ
ADJS-G	ADJ
ADV	ADV
ADVR	ADV
ADVS	ADV
ADV21	ADV
ADV22	ADV
ADV+ADJ	ADJ
ADV+ADJ-N	ADJ
ADV+ADJ-A	ADJ
ADV+ADJ-D	ADJ
ADV+ADJ-G	ADJ
ADVR+ADJ	ADJ
ADVR+ADJ-N	ADJ
ADVR+ADJ-A	ADJ
ADVR+ADJ-D	ADJ
ADVR+ADJ-G	ADJ
ADVR+ADJR-N	ADJ
ADVR-N	ADV
ADVR-A	ADV
ADV+ADVR	ADV
ADVR+ADV	ADV
ADV+Q	DET
ADV+Q-N	DET
ADV+Q-A	DET
ADV+Q-D	DET
ADV+Q-G	DET
ADVR+Q	DET
ADVR+Q-N	DET
ADVR+Q-A	DET
ADVR+Q-D	DET
ADVR+Q-G	DET
ADV+QS	DET
ADV+QS-N	DET
ADV+QS-A	DET
ADV+QS-D	DET
ADV+QS-G	DET
ADV+P	ADP
CONJ	CONJ
DET	DET
DET-N	DET
DET-A	DET
DET-D	DET
DET-G	DET
FW	X
N-N	NOUN
N-A	NOUN
N-D	NOUN
N-G	NOUN
NPR-N	NOUN
NPR-A	NOUN
NPR-D	NOUN
NPR-G	NOUN
NPRS-N	NOUN
NPRS-A	NOUN
NPRS-D	NOUN
NPRS-G	NOUN
NS-N	NOUN
NS-A	NOUN
NS-D	NOUN
NS-G	NOUN
P	ADP
PRO	PRON
PRO-N	PRON
PRO-A	PRON
PRO-D	PRON
PRO-G	PRON
RP	ADV
WPRO-N	PRON
WPRO-A	PRON
WPRO-D	PRON
WPRO-G	PRON
